
================================================================================
SIMULAÃ├O DE 10 PERFIS DE USU┴RIOS
ValidaþÒo de F¾rmulas e Fluxo do Wizard
Data: Janeiro 2026
================================================================================


================================================================================
PERFIL 1: MCMV - Programa Minha Casa Minha Vida
================================================================================

DescriþÒo: Renda R$ 4.500, Im¾vel R$ 220k, FGTS R$ 15k. Testar SubsÝdio.

TESTE 1: SIMULAÃ├O B┴SICA
--------------------------------------------------------------------------------
D:/PROJETOS/FI/.venv/
Scripts/python.exe : 
Traceback (most 
recent call last):
No linha:1 
caractere:1
+ D:/PROJETOS/FI/.ven
v/Scripts/python.exe 
teste_10_perfis.py 
2>&1 > tes ...
+ ~~~~~~~~~~~~~~~~~~~
~~~~~~~~~~~~~~~~~~~~~
~~~~~~~~~~~~~~~~~~~~~
~~~~~~~~
    + CategoryInfo   
           : NotSpe  
  cified: (Traceba   
 ck (most recent     
call last)::Stri    
ng) [], RemoteEx    
ception
    + FullyQualified 
   ErrorId : Native  
  CommandError
 
  File "D:\PROJETOS\F
I\teste_10_perfis.py"
, line 416, in 
testar_perfil
    resultado_price 
= calcular_price_sac(
        'price',
    ...<8 lines>...
        tipo_amortiza
cao_fgts=dados.get('t
ipo_amortizacao_fgts'
, 'reduzir_prazo'),
    )
  File "D:\PROJETOS\F
I\simulacao\calculado
ra_financeira.py", 
line 283, in 
calcular_price_sac
    total_juros += 
juros_mensal
TypeError: 
unsupported operand 
type(s) for +=: 
'decimal.Decimal' 
and 'float'

During handling of 
the above exception, 
another exception 
occurred:

Traceback (most 
recent call last):
  File "D:\PROJETOS\F
I\teste_10_perfis.py"
, line 582, in 
<module>
    testar_perfil(per
fil_numero, 
perfil_data)
    ~~~~~~~~~~~~~^^^^
^^^^^^^^^^^^^^^^^^^^^
^^^
  File "D:\PROJETOS\F
I\teste_10_perfis.py"
, line 447, in 
testar_perfil
    print(f"\u2717 
PRICE: ExceþÒo - 
{str(e)}")
    ~~~~~^^^^^^^^^^^^
^^^^^^^^^^^^^^^^^^^^
  File "C:\Python313\
Lib\encodings\cp1252.
py", line 19, in 
encode
    return codecs.cha
rmap_encode(input,sel
f.errors,encoding_tab
le)[0]
           ~~~~~~~~~~
~~~~~~~~~~~^^^^^^^^^^
^^^^^^^^^^^^^^^^^^^^^
^^^
UnicodeEncodeError: 
'charmap' codec 
can't encode 
character '\u2717' 
in position 0: 
character maps to 
<undefined>
